============================= test session starts =============================
platform win32 -- Python 3.14.5, pytest-9.0.3, pluggy-1.6.0
rootdir: C:\Users\lizaveta_313\Desktop\Module3
configfile: pyproject.toml
testpaths: tests
collected 49 items

tests\test_benchmark.py ..                                               [  4%]
tests\test_compressed_index.py ..........                                [ 24%]
tests\test_data_loader.py ......                                         [ 36%]
tests\test_elias_gamma.py ....................                           [ 77%]
tests\test_experiment.py ..                                              [ 81%]
tests\test_inverted_index.py ......                                      [ 93%]
tests\test_tokenizer.py ...                                              [100%]

============================= 49 passed in 0.15s ==============================
